nohup: no se tendrá en cuenta la entrada
2026-04-06 03:22:31,613 - httpx - INFO - HTTP Request: GET https://api.notion.com/v1/databases/2f6e992875fd8087bb4ac754be303608 "HTTP/1.1 200 OK"
2026-04-06 03:22:32,140 - httpx - INFO - HTTP Request: GET https://api.notion.com/v1/databases/32ce992875fd80338ec0c109f4614eb9 "HTTP/1.1 200 OK"
2026-04-06 03:22:33,309 - httpx - INFO - HTTP Request: GET https://api.notion.com/v1/databases/32ce992875fd80338ec0c109f4614eb9 "HTTP/1.1 200 OK"
2026-04-06 03:22:33,537 - httpx - INFO - HTTP Request: GET https://api.notion.com/v1/data_sources/32ce9928-75fd-80f0-bbba-000b5b9221fb "HTTP/1.1 200 OK"
2026-04-06 03:22:34,391 - httpx - INFO - HTTP Request: POST https://api.telegram.org/bot8634416850:AAHcon-_Z1W8aa3fkmP02qUXIDl4jpLEhKs/getMe "HTTP/1.1 200 OK"
2026-04-06 03:22:34,698 - httpx - INFO - HTTP Request: POST https://api.telegram.org/bot8634416850:AAHcon-_Z1W8aa3fkmP02qUXIDl4jpLEhKs/deleteWebhook "HTTP/1.1 200 OK"
2026-04-06 03:22:34,699 - telegram.ext.Application - INFO - Application started
2026-04-06 03:22:45,355 - httpx - INFO - HTTP Request: POST https://api.telegram.org/bot8634416850:AAHcon-_Z1W8aa3fkmP02qUXIDl4jpLEhKs/getUpdates "HTTP/1.1 200 OK"
2026-04-06 03:22:55,589 - httpx - INFO - HTTP Request: POST https://api.telegram.org/bot8634416850:AAHcon-_Z1W8aa3fkmP02qUXIDl4jpLEhKs/getUpdates "HTTP/1.1 200 OK"
2026-04-06 03:23:05,777 - httpx - INFO - HTTP Request: POST https://api.telegram.org/bot8634416850:AAHcon-_Z1W8aa3fkmP02qUXIDl4jpLEhKs/getUpdates "HTTP/1.1 200 OK"
2026-04-06 03:23:15,930 - httpx - INFO - HTTP Request: POST https://api.telegram.org/bot8634416850:AAHcon-_Z1W8aa3fkmP02qUXIDl4jpLEhKs/getUpdates "HTTP/1.1 200 OK"
2026-04-06 03:23:26,259 - httpx - INFO - HTTP Request: POST https://api.telegram.org/bot8634416850:AAHcon-_Z1W8aa3fkmP02qUXIDl4jpLEhKs/getUpdates "HTTP/1.1 200 OK"
2026-04-06 03:23:36,499 - httpx - INFO - HTTP Request: POST https://api.telegram.org/bot8634416850:AAHcon-_Z1W8aa3fkmP02qUXIDl4jpLEhKs/getUpdates "HTTP/1.1 200 OK"
2026-04-06 03:23:46,648 - httpx - INFO - HTTP Request: POST https://api.telegram.org/bot8634416850:AAHcon-_Z1W8aa3fkmP02qUXIDl4jpLEhKs/getUpdates "HTTP/1.1 200 OK"
2026-04-06 03:23:56,877 - httpx - INFO - HTTP Request: POST https://api.telegram.org/bot8634416850:AAHcon-_Z1W8aa3fkmP02qUXIDl4jpLEhKs/getUpdates "HTTP/1.1 200 OK"
2026-04-06 03:24:07,220 - httpx - INFO - HTTP Request: POST https://api.telegram.org/bot8634416850:AAHcon-_Z1W8aa3fkmP02qUXIDl4jpLEhKs/getUpdates "HTTP/1.1 200 OK"
2026-04-06 03:24:16,443 - httpx - INFO - HTTP Request: POST https://api.telegram.org/bot8634416850:AAHcon-_Z1W8aa3fkmP02qUXIDl4jpLEhKs/getUpdates "HTTP/1.1 409 Conflict"
2026-04-06 03:24:16,444 - __main__ - ERROR - Telegram devolvio 409 Conflict: ya existe otra instancia usando este token. Deteniendo esta instancia para evitar bucle de errores.
2026-04-06 03:24:20,737 - httpx - INFO - HTTP Request: POST https://api.telegram.org/bot8634416850:AAHcon-_Z1W8aa3fkmP02qUXIDl4jpLEhKs/getUpdates "HTTP/1.1 200 OK"
2026-04-06 03:24:20,737 - telegram.ext.Application - INFO - Application is stopping. This might take a moment.
2026-04-06 03:24:20,738 - telegram.ext.Application - INFO - Application.stop() complete
